Script started on 2023-03-21 11:54:31-03:00 [TERM="xterm-256color" TTY="/dev/pts/0" COLUMNS="106" LINES="13"]
dave@LappyTappy:~$ docker start blissful_bassi
blissful_bassi
dave@LappyTappy:~$ docker start -i blissful_bassi
root@74765a211283:/# ls
bin   dev  home  lib32  libx32  mnt  proc  run   srv  tmp  var
boot  etc  lib   lib64  media   opt  root  sbin  sys  usr
root@74765a211283:/# cd usr/src/app
root@74765a211283:/usr/src/app# nano index.js
bash: nano: command not found
root@74765a211283:/usr/src/app# apt-get update
Get:1 http://security.ubuntu.com/ubuntu jammy-security InRelease [110 kB]
Get:2 http://archive.ubuntu.com/ubuntu jammy InRelease [270 kB]
Get:3 http://security.ubuntu.com/ubuntu jammy-security/multiverse amd64 Packages [23.2 kB]
Get:4 http://security.ubuntu.com/ubuntu jammy-security/universe amd64 Packages [905 kB]
Get:5 http://archive.ubuntu.com/ubuntu jammy-updates InRelease [119 kB]
Get:6 http://security.ubuntu.com/ubuntu jammy-security/main amd64 Packages [869 kB]
Get:7 http://archive.ubuntu.com/ubuntu jammy-backports InRelease [107 kB]
Get:8 http://archive.ubuntu.com/ubuntu jammy/main amd64 Packages [1792 kB]
Get:9 http://security.ubuntu.com/ubuntu jammy-security/restricted amd64 Packages [829 kB]
Get:10 http://archive.ubuntu.com/ubuntu jammy/multiverse amd64 Packages [266 kB]
Get:11 http://archive.ubuntu.com/ubuntu jammy/universe amd64 Packages [17.5 MB]
Get:12 http://archive.ubuntu.com/ubuntu jammy/restricted amd64 Packages [164 kB]
Get:13 http://archive.ubuntu.com/ubuntu jammy-updates/restricted amd64 Packages [885 kB]
Get:14 http://archive.ubuntu.com/ubuntu jammy-updates/main amd64 Packages [1199 kB]
Get:15 http://archive.ubuntu.com/ubuntu jammy-updates/multiverse amd64 Packages [28.6 kB]
Get:16 http://archive.ubuntu.com/ubuntu jammy-updates/universe amd64 Packages [1142 kB]
Get:17 http://archive.ubuntu.com/ubuntu jammy-backports/universe amd64 Packages [22.4 kB]
Get:18 http://archive.ubuntu.com/ubuntu jammy-backports/main amd64 Packages [49.0 kB]
Fetched 26.3 MB in 7s (3780 kB/s)
Reading package lists... Done
root@74765a211283:/usr/src/app# apt-get -y install nano
Reading package lists... Done
Building dependency tree... Done
Reading state information... Done
Suggested packages:
  hunspell
The following NEW packages will be installed:
  nano
0 upgraded, 1 newly installed, 0 to remove and 0 not upgraded.
Need to get 280 kB of archives.
After this operation, 881 kB of additional disk space will be used.
Get:1 http://archive.ubuntu.com/ubuntu jammy/main amd64 nano amd64 6.2-1 [280 kB]
Fetched 280 kB in 1s (526 kB/s)
debconf: delaying package configuration, since apt-utils is not installed
Selecting previously unselected package nano.
(Reading database ... 4395 files and directories currently installed.)
Preparing to unpack .../archives/nano_6.2-1_amd64.deb ...
Unpacking nano (6.2-1) ...
Setting up nano (6.2-1) ...
update-alternatives: using /bin/nano to provide /usr/bin/editor (editor) in auto mode
update-alternatives: warning: skip creation of /usr/share/man/man1/editor.1.gz because associated file /usr/share/man/man1/nano.1.gz (of link group editor) doesn't exist
update-alternatives: using /bin/nano to provide /usr/bin/pico (pico) in auto mode
update-alternatives: warning: skip creation of /usr/share/man/man1/pico.1.gz because associated file /usr/share/man/man1/nano.1.gz (of link group pico) doesn't exist
root@74765a211283:/usr/src/app# nano index.js
root@74765a211283:/usr/src/app#
exit
dave@LappyTappy:~$
exit

Script done on 2023-03-21 11:58:01-03:00 [COMMAND_EXIT_CODE="0"]